logic__7: 
datapath__9: 
rom__237: 
rom__252: 
rom__310: 
rom__283: 
reg: 
rom__210: 
rom__300: 
rom__9: 
rom__71: 
rom__316: 
rom__301: 
rom__163: 
rom__97: 
rom__218: 
rom__246: 
rom__159: 
reg__1: 
rom__213: 
rom__140: 
rom__215: 
rom__257: 
rom__174: 
rom__263: 
rom__85: 
rom__299: 
rom__146: 
case__1: 
rom__137: 
rom__142: 
rom__149: 
rom__249: 
rom__309: 
rom__234: 
rom__56: 
rom__100: 
rom__143: 
rom__47: 
rom__42: 
rom__20: 
rom__161: 
rom__236: 
case: 
rom__228: 
rom__87: 
rom__175: 
reg__4: 
rom__52: 
rom__232: 
rom__176: 
rom__278: 
datapath__2: 
rom__129: 
rom__177: 
rom__30: 
rom__251: 
rom__164: 
rom__31: 
rom__222: 
rom__189: 
rom__293: 
rom__306: 
rom__25: 
rom__83: 
rom__86: 
rom__65: 
rom__311: 
reg__2: 
rom__192: 
rom__227: 
rom__88: 
rom__82: 
rom__90: 
rom__199: 
rom__211: 
rom__41: 
rom__10: 
rom__116: 
rom__308: 
muxpart__1: 
rom__217: 
rom__267: 
rom__141: 
rom__281: 
rom: 
rom__286: 
rom__258: 
rom__1: 
rom__84: 
Comparators: 
logic__3: 
rom__19: 
rom__319: 
rom__302: 
rom__275: 
rom__102: 
rom__70: 
rom__198: 
rom__279: 
rom__190: 
rom__62: 
rom__280: 
rom__292: 
rom__128: 
rom__122: 
rom__107: 
rom__44: 
rom__121: 
rom__171: 
rom__235: 
rom__166: 
rom__305: 
rom__105: 
rom__108: 
rom__138: 
rom__230: 
rom__231: 
rom__16: 
rom__7: 
rom__220: 
rom__135: 
rom__188: 
rom__118: 
rom__156: 
rom__179: 
rom__101: 
rom__196: 
datapath__1: 
rom__53: 
rom__187: 
rom__181: 
rom__223: 
rom__75: 
rom__148: 
rom__184: 
rom__244: 
rom__154: 
rom__277: 
rom__219: 
rom__247: 
rom__157: 
rom__80: 
datapath__4: 
rom__225: 
rom__253: 
rom__98: 
rom__40: 
rom__182: 
rom__39: 
rom__313: 
rom__295: 
rom__50: 
rom__173: 
logic__9: 
muxpart: 
rom__74: 
rom__312: 
rom__112: 
datapath__3: 
rom__317: 
rom__212: 
rom__115: 
rom__160: 
rom__8: 
rom__285: 
rom__117: 
rom__191: 
logic__6: 
rom__27: 
rom__270: 
rom__147: 
rom__167: 
rom__287: 
rom__2: 
rom__106: 
rom__307: 
rom__43: 
rom__46: 
rom__15: 
rom__91: 
rom__104: 
rom__109: 
rom__155: 
rom__226: 
VGA_Controller: 
rom__21: 
rom__262: 
rom__61: 
rom__127: 
rom__94: 
Frequency_Divider: 
rom__241: 
muxpart__3: 
rom__204: 
rom__290: 
rom__314: 
rom__3: 
Counters: 
datapath: 
rom__178: 
rom__33: 
rom__291: 
rom__120: 
rom__93: 
rom__260: 
rom__205: 
rom__17: 
rom__96: 
rom__201: 
rom__13: 
logic: 
rom__261: 
rom__131: 
datapath__6: 
rom__265: 
rom__289: 
rom__130: 
rom__250: 
rom__272: 
datapath__8: 
rom__64: 
rom__92: 
rom__266: 
rom__297: 
rom__229: 
reg__3: 
rom__72: 
rom__318: 
rom__32: 
rom__12: 
rom__63: 
rom__233: 
rom__296: 
rom__59: 
rom__54: 
rom__185: 
rom__303: 
rom__76: 
rom__183: 
rom__24: 
rom__79: 
rom__239: 
logic__1: 
rom__126: 
rom__5: 
rom__67: 
rom__304: 
rom__238: 
rom__125: 
rom__254: 
rom__124: 
rom__114: 
rom__23: 
Img_Memory: 
rom__298: 
rom__95: 
rom__165: 
rom__34: 
rom__60: 
rom__284: 
rom__144: 
rom__35: 
rom__186: 
datapath__7: 
rom__221: 
rom__208: 
rom__315: 
rom__57: 
rom__133: 
rom__81: 
rom__276: 
rom__58: 
rom__162: 
rom__119: 
rom__243: 
rom__259: 
rom__216: 
rom__214: 
rom__4: 
rom__170: 
rom__55: 
rom__37: 
rom__68: 
logic__8: 
rom__153: 
rom__203: 
rom__195: 
rom__151: 
rom__111: 
rom__6: 
rom__78: 
rom__180: 
rom__255: 
rom__206: 
rom__152: 
rom__264: 
rom__29: 
rom__242: 
rom__103: 
rom__197: 
rom__69: 
rom__45: 
rom__207: 
rom__282: 
datapath__5: 
rom__11: 
rom__73: 
rom__139: 
rom__269: 
logic__10: 
rom__123: 
rom__14: 
rom__49: 
rom__66: 
rom__169: 
rom__209: 
rom__26: 
rom__89: 
rom__245: 
rom__77: 
rom__200: 
rom__28: 
rom__51: 
rom__48: 
muxpart__2: 
rom__134: 
rom__240: 
rom__268: 
rom__18: 
rom__288: 
rom__193: 
rom__145: 
rom__22: 
rom__274: 
rom__99: 
rom__294: 
rom__172: 
rom__158: 
rom__110: 
rom__36: 
rom__168: 
rom__271: 
rom__224: 
rom__202: 
rom__248: 
rom__194: 
case__2: 
rom__136: 
rom__273: 
rom__150: 
rom__256: 
rom__38: 
rom__132: 
rom__113: 
