muxpart__36: 
muxpart__21: 
logic__286: 
logic__284: 
logic__104: 
muxpart__91: 
reg: 
logic__272: 
logic__260: 
muxpart__65: 
logic__7: 
blk_mem_gen_prim_width__parameterized8: 
logic__187: 
logic__287: 
muxpart__102: 
logic__29: 
muxpart__62: 
muxpart__42: 
blk_mem_gen_prim_wrapper_init__parameterized9: 
logic__213: 
muxpart__55: 
muxpart__50: 
logic__98: 
logic__276: 
logic__201: 
logic__70: 
muxpart__54: 
logic__199: 
logic__20: 
muxpart__88: 
muxpart__103: 
logic__243: 
blk_mem_gen_prim_width__parameterized22: 
blk_mem_gen_generic_cstr: 
muxpart__39: 
blk_mem_gen_prim_wrapper_init__parameterized11: 
logic__217: 
logic__53: 
muxpart__6: 
muxpart__118: 
logic__123: 
logic__14: 
logic__183: 
logic__163: 
muxpart__95: 
logic__288: 
blk_mem_gen_prim_width__parameterized10: 
muxpart__22: 
case: 
logic__189: 
muxpart__25: 
blk_mem_gen_prim_wrapper_init__parameterized23: 
logic__137: 
logic__225: 
logic__223: 
muxpart__110: 
blk_mem_gen_prim_width__parameterized32: 
muxpart__122: 
muxpart__126: 
logic__41: 
muxpart__93: 
muxpart__17: 
blk_mem_gen_prim_width__parameterized12: 
logic__143: 
logic__254: 
blk_mem_gen_prim_wrapper_init__parameterized36: 
logic__43: 
blk_mem_gen_prim_wrapper_init__parameterized26: 
muxpart__56: 
logic__147: 
logic__252: 
reg__1: 
logic__219: 
logic__281: 
logic__145: 
logic__251: 
muxpart__27: 
logic__261: 
logic__267: 
blk_mem_gen_prim_wrapper_init__parameterized16: 
muxpart__2: 
muxpart__68: 
blk_mem_gen_prim_width__parameterized1: 
logic__57: 
muxpart__92: 
muxpart__125: 
logic__159: 
muxpart__49: 
blk_mem_gen_prim_width__parameterized30: 
logic__282: 
logic__86: 
muxpart__116: 
logic__131: 
blk_mem_gen_prim_wrapper_init__parameterized14: 
logic__268: 
muxpart__79: 
logic__205: 
muxpart__71: 
logic__35: 
muxpart__117: 
muxpart__14: 
blk_mem_gen_prim_width__parameterized14: 
muxpart__109: 
muxpart__129: 
logic__259: 
muxpart__1: 
muxpart__87: 
muxpart__106: 
blk_mem_gen_prim_width__parameterized28: 
muxpart__15: 
blk_mem_gen_prim_wrapper_init__parameterized10: 
logic__141: 
logic__149: 
logic__283: 
muxpart__32: 
logic__62: 
logic__265: 
blk_mem_gen_prim_width__parameterized20: 
muxpart__114: 
logic__135: 
logic__102: 
logic__179: 
logic__96: 
muxpart__35: 
logic__290: 
muxpart__121: 
muxpart__48: 
logic__72: 
muxpart__40: 
reg__3: 
blk_mem_gen_prim_wrapper_init__parameterized8: 
logic__94: 
blk_mem_gen_prim_wrapper_init__parameterized37: 
blk_mem_gen_prim_wrapper_init__parameterized29: 
blk_mem_gen_prim_width__parameterized2: 
blk_mem_gen_prim_width__parameterized34: 
logic__275: 
logic__161: 
muxpart__73: 
logic__293: 
muxpart__124: 
muxpart__104: 
logic__169: 
muxpart__38: 
logic__197: 
blk_mem_gen_prim_wrapper_init__parameterized0: 
blk_mem_gen_prim_width__parameterized15: 
muxpart__16: 
logic__255: 
blk_mem_gen_prim_width__parameterized29: 
logic__241: 
logic__118: 
logic__33: 
blk_mem_gen_prim_wrapper_init__parameterized7: 
logic__171: 
blk_mem_gen_prim_wrapper_init__parameterized21: 
logic__1: 
blk_mem_gen_prim_wrapper_init__parameterized22: 
logic__165: 
logic__64: 
blk_mem_gen_prim_width__parameterized31: 
blk_mem_output_block: 
logic__12: 
muxpart__115: 
logic__270: 
logic__262: 
logic__55: 
muxpart__64: 
logic__51: 
logic__278: 
logic__221: 
blk_mem_gen_prim_width__parameterized16: 
logic__209: 
logic__266: 
muxpart__59: 
muxpart__10: 
logic__100: 
logic__167: 
muxpart: 
logic__39: 
logic__155: 
blk_mem_gen_prim_width__parameterized37: 
blk_mem_gen_prim_wrapper_init__parameterized30: 
blk_mem_gen_prim_wrapper_init__parameterized20: 
muxpart__23: 
logic__291: 
logic__106: 
logic__90: 
muxpart__81: 
muxpart__8: 
logic__31: 
blk_mem_gen_prim_width__parameterized21: 
muxpart__13: 
logic__258: 
logic__207: 
muxpart__29: 
blk_mem_gen_prim_width__parameterized33: 
logic__92: 
muxpart__43: 
logic__120: 
muxpart__66: 
blk_mem_gen_prim_width__parameterized13: 
logic__203: 
blk_mem_gen_prim_width__parameterized35: 
muxpart__30: 
logic__114: 
logic__133: 
muxpart__80: 
BRAM_img1: 
blk_mem_gen_prim_width__parameterized6: 
muxpart__128: 
muxpart__123: 
blk_mem_gen_v8_4_5: 
muxpart__86: 
logic__68: 
blk_mem_gen_prim_wrapper_init__parameterized35: 
muxpart__97: 
logic__175: 
muxpart__52: 
logic__277: 
muxpart__45: 
muxpart__111: 
blk_mem_gen_prim_width__parameterized9: 
blk_mem_gen_prim_wrapper_init__parameterized5: 
logic__239: 
muxpart__44: 
blk_mem_gen_prim_width__parameterized23: 
muxpart__113: 
logic__139: 
blk_mem_gen_prim_width: 
muxpart__18: 
logic__279: 
muxpart__63: 
logic__45: 
logic: 
logic__177: 
logic__27: 
logic__191: 
muxpart__90: 
blk_mem_gen_prim_wrapper_init__parameterized3: 
logic__289: 
logic__271: 
blk_mem_gen_prim_wrapper_init__parameterized31: 
muxpart__75: 
logic__245: 
logic__231: 
blk_mem_gen_prim_wrapper_init__parameterized27: 
blk_mem_gen_mux: 
logic__66: 
logic__74: 
logic__37: 
logic__263: 
muxpart__89: 
muxpart__69: 
muxpart__53: 
blk_mem_gen_prim_width__parameterized36: 
muxpart__46: 
muxpart__83: 
logic__292: 
blk_mem_gen_prim_wrapper_init__parameterized15: 
logic__257: 
blk_mem_gen_prim_wrapper_init__parameterized34: 
blk_mem_gen_top: 
logic__253: 
muxpart__9: 
muxpart__105: 
muxpart__96: 
muxpart__51: 
muxpart__119: 
muxpart__5: 
bindec: 
muxpart__82: 
blk_mem_gen_prim_wrapper_init__parameterized13: 
muxpart__33: 
blk_mem_gen_prim_width__parameterized5: 
muxpart__78: 
muxpart__3: 
logic__9: 
muxpart__61: 
blk_mem_gen_prim_width__parameterized26: 
blk_mem_gen_prim_wrapper_init: 
logic__78: 
logic__195: 
muxpart__31: 
logic__112: 
muxpart__77: 
logic__84: 
logic__274: 
logic__247: 
logic__248: 
muxpart__57: 
blk_mem_input_block: 
blk_mem_gen_prim_wrapper_init__parameterized1: 
logic__4: 
muxpart__100: 
muxpart__99: 
logic__80: 
blk_mem_gen_prim_width__parameterized3: 
logic__5: 
logic__60: 
logic__211: 
muxpart__127: 
muxpart__84: 
logic__193: 
muxpart__72: 
blk_mem_gen_v8_4_5_synth: 
blk_mem_gen_prim_wrapper_init__parameterized2: 
muxpart__20: 
blk_mem_gen_mux__parameterized0: 
blk_mem_gen_prim_wrapper_init__parameterized32: 
blk_mem_gen_prim_wrapper_init__parameterized19: 
muxpart__107: 
logic__280: 
blk_mem_gen_prim_width__parameterized25: 
logic__82: 
logic__2: 
logic__269: 
blk_mem_gen_prim_width__parameterized19: 
muxpart__28: 
logic__24: 
blk_mem_gen_prim_width__parameterized4: 
logic__235: 
blk_mem_gen_prim_wrapper_init__parameterized17: 
muxpart__11: 
logic__227: 
muxpart__67: 
muxpart__101: 
blk_mem_gen_prim_width__parameterized17: 
logic__264: 
logic__22: 
logic__127: 
logic__18: 
logic__108: 
logic__153: 
muxpart__58: 
blk_mem_gen_prim_wrapper_init__parameterized24: 
blk_mem_gen_prim_wrapper_init__parameterized28: 
logic__116: 
blk_mem_gen_prim_width__parameterized24: 
logic__11: 
muxpart__34: 
muxpart__26: 
muxpart__98: 
logic__250: 
blk_mem_gen_prim_width__parameterized7: 
logic__249: 
logic__185: 
muxpart__120: 
logic__285: 
blk_mem_gen_prim_wrapper_init__parameterized18: 
logic__229: 
logic__125: 
muxpart__41: 
logic__157: 
logic__58: 
logic__151: 
muxpart__74: 
blk_mem_gen_prim_width__parameterized11: 
logic__16: 
muxpart__60: 
logic__173: 
blk_mem_gen_prim_wrapper_init__parameterized6: 
blk_mem_gen_prim_width__parameterized27: 
blk_mem_gen_prim_wrapper_init__parameterized12: 
muxpart__47: 
logic__273: 
logic__237: 
blk_mem_gen_prim_width__parameterized0: 
reg__2: 
muxpart__7: 
logic__233: 
logic__88: 
logic__49: 
muxpart__76: 
logic__47: 
muxpart__70: 
logic__256: 
logic__121: 
muxpart__24: 
muxpart__112: 
logic__76: 
logic__110: 
logic__26: 
logic__181: 
blk_mem_gen_prim_width__parameterized18: 
muxpart__19: 
logic__129: 
blk_mem_gen_prim_wrapper_init__parameterized33: 
muxpart__85: 
muxpart__108: 
muxpart__12: 
blk_mem_gen_prim_wrapper_init__parameterized4: 
muxpart__4: 
muxpart__94: 
blk_mem_gen_prim_wrapper_init__parameterized25: 
muxpart__37: 
logic__215: 
