muxpart__32: 
muxpart__12: 
blk_mem_gen_prim_wrapper_init__parameterized8: 
blk_mem_gen_prim_width__parameterized7: 
logic__4: 
logic__57: 
blk_mem_gen_prim_width__parameterized10: 
blk_mem_gen_prim_wrapper_init__parameterized1: 
blk_mem_gen_prim_width__parameterized17: 
muxpart__1: 
logic__39: 
reg__1: 
case: 
logic__20: 
logic__58: 
blk_mem_gen_prim_wrapper_init__parameterized15: 
blk_mem_gen_prim_wrapper_init__parameterized2: 
reg__2: 
muxpart__11: 
blk_mem_gen_prim_wrapper_init: 
blk_mem_gen_prim_wrapper_init__parameterized17: 
blk_mem_gen_prim_width__parameterized3: 
logic__51: 
muxpart__5: 
blk_mem_gen_prim_wrapper_init__parameterized6: 
blk_mem_gen_prim_width: 
blk_mem_gen_mux__parameterized0: 
muxpart__29: 
logic__59: 
blk_mem_gen_prim_width__parameterized15: 
reg__3: 
logic__55: 
muxpart__33: 
muxpart__30: 
muxpart__14: 
logic__11: 
logic__65: 
blk_mem_gen_prim_width__parameterized14: 
muxpart__21: 
muxpart__10: 
blk_mem_gen_prim_width__parameterized18: 
logic__24: 
logic__45: 
muxpart__24: 
logic__64: 
logic__62: 
logic__27: 
blk_mem_output_block: 
logic__67: 
logic__63: 
muxpart__6: 
muxpart: 
muxpart__27: 
blk_mem_gen_prim_width__parameterized19: 
blk_mem_gen_prim_wrapper_init__parameterized5: 
blk_mem_gen_mux: 
muxpart__7: 
muxpart__13: 
blk_mem_gen_prim_wrapper_init__parameterized11: 
blk_mem_gen_prim_width__parameterized0: 
logic__2: 
logic__41: 
logic__49: 
muxpart__4: 
logic__47: 
blk_mem_gen_prim_width__parameterized9: 
logic: 
blk_mem_gen_prim_wrapper_init__parameterized21: 
blk_mem_gen_prim_width__parameterized6: 
logic__16: 
blk_mem_gen_prim_wrapper_init__parameterized14: 
logic__5: 
muxpart__23: 
blk_mem_gen_v8_4_5_synth: 
logic__53: 
blk_mem_gen_prim_width__parameterized2: 
muxpart__26: 
blk_mem_gen_prim_width__parameterized13: 
logic__61: 
blk_mem_gen_prim_width__parameterized12: 
blk_mem_gen_prim_wrapper_init__parameterized10: 
logic__14: 
muxpart__17: 
logic__9: 
blk_mem_gen_prim_wrapper_init__parameterized19: 
muxpart__8: 
BRAM_img1: 
blk_mem_gen_prim_width__parameterized8: 
blk_mem_gen_prim_wrapper_init__parameterized16: 
blk_mem_gen_top: 
blk_mem_gen_prim_wrapper_init__parameterized7: 
blk_mem_gen_v8_4_5: 
muxpart__22: 
muxpart__20: 
logic__7: 
muxpart__31: 
muxpart__2: 
blk_mem_gen_prim_wrapper_init__parameterized4: 
blk_mem_input_block: 
blk_mem_gen_prim_width__parameterized16: 
logic__18: 
blk_mem_gen_prim_wrapper_init__parameterized20: 
logic__43: 
logic__69: 
muxpart__18: 
muxpart__9: 
blk_mem_gen_prim_width__parameterized22: 
blk_mem_gen_prim_width__parameterized21: 
muxpart__3: 
blk_mem_gen_prim_wrapper_init__parameterized22: 
logic__35: 
blk_mem_gen_prim_width__parameterized20: 
logic__22: 
blk_mem_gen_generic_cstr: 
logic__26: 
blk_mem_gen_prim_wrapper_init__parameterized18: 
muxpart__28: 
blk_mem_gen_prim_width__parameterized1: 
blk_mem_gen_prim_wrapper_init__parameterized9: 
reg: 
muxpart__25: 
logic__31: 
logic__66: 
blk_mem_gen_prim_wrapper_init__parameterized13: 
bindec: 
muxpart__19: 
logic__68: 
blk_mem_gen_prim_width__parameterized5: 
logic__37: 
blk_mem_gen_prim_wrapper_init__parameterized3: 
blk_mem_gen_prim_wrapper_init__parameterized0: 
muxpart__15: 
logic__1: 
logic__60: 
logic__33: 
logic__29: 
logic__12: 
muxpart__16: 
blk_mem_gen_prim_wrapper_init__parameterized12: 
blk_mem_gen_prim_width__parameterized11: 
blk_mem_gen_prim_width__parameterized4: 
